2026-02-03 17:50:33 [main] INFO  c.t.a.ApiGatewayApplication - Starting ApiGatewayApplication using Java 17.0.17 with PID 21656 (C:\Users\sriha\GitProjects\EduconnectBackend\educonnect-infrastructure-platform\api-gateway\target\classes started by sriha in C:\Users\sriha\GitProjects\EduconnectBackend\educonnect-infrastructure-platform\api-gateway)
2026-02-03 17:50:33 [main] DEBUG c.t.a.ApiGatewayApplication - Running with Spring Boot v3.5.9, Spring v6.2.15
2026-02-03 17:50:33 [main] INFO  c.t.a.ApiGatewayApplication - No active profile set, falling back to 1 default profile: "default"
2026-02-03 17:50:35 [main] INFO  o.s.d.r.c.RepositoryConfigurationDelegate - Multiple Spring Data modules found, entering strict repository configuration mode
2026-02-03 17:50:35 [main] INFO  o.s.d.r.c.RepositoryConfigurationDelegate - Bootstrapping Spring Data Redis repositories in DEFAULT mode.
2026-02-03 17:50:35 [main] INFO  o.s.d.r.c.RepositoryConfigurationDelegate - Finished Spring Data repository scanning in 19 ms. Found 0 Redis repository interfaces.
2026-02-03 17:50:36 [main] INFO  o.s.cloud.context.scope.GenericScope - BeanFactory id=72e6be03-fbfc-3017-a599-265db92ede6e
2026-02-03 17:50:36 [main] INFO  c.t.a.config.RateLimitConfig - ? Configuring User-based Rate Limiting Key Resolver
2026-02-03 17:50:36 [main] INFO  c.t.a.config.RateLimitConfig - ? [PRIMARY] Default Redis Rate Limiter: 100 req/s, burst: 200
2026-02-03 17:50:37 [main] INFO  c.t.api_gateway.config.GatewayConfig - ? Configuring API Gateway Routes with Circuit Breakers, Rate Limiting, and Retry Logic
2026-02-03 17:50:37 [main] INFO  c.t.api_gateway.config.GatewayConfig - ? Configuring Default Circuit Breaker Settings
2026-02-03 17:50:37 [main] INFO  c.t.api_gateway.config.GatewayConfig - ? Configuring Payment Circuit Breaker Settings
2026-02-03 17:50:37 [main] INFO  c.t.api_gateway.config.GatewayConfig - ? Configuring Video Circuit Breaker Settings
2026-02-03 17:50:37 [main] INFO  c.t.a.config.LoadBalancerConfig - ? Configuring Round Robin Load Balancer for service: null
2026-02-03 17:50:37 [main] DEBUG c.t.a.config.LoadBalancerConfig - ? Random Load Balancer configured for service: null
2026-02-03 17:50:37 [main] INFO  c.t.a.config.RateLimitConfig - ? Configuring API Key-based Rate Limiting Key Resolver
2026-02-03 17:50:37 [main] INFO  c.t.a.config.RateLimitConfig - ? Payment Redis Rate Limiter: 10 req/s, burst: 20
2026-02-03 17:50:37 [main] INFO  c.t.a.config.RateLimitConfig - ? Auth Redis Rate Limiter: 5 req/s, burst: 10
2026-02-03 17:50:37 [main] INFO  c.t.a.config.RateLimitConfig - ? Public Redis Rate Limiter: 1000 req/s, burst: 2000
2026-02-03 17:50:37 [main] INFO  c.t.api_gateway.config.RedisConfig - ? Configuring Reactive Redis Template for caching and session management
2026-02-03 17:50:37 [main] INFO  c.t.api_gateway.config.RedisConfig - ? Reactive Redis Template configured successfully
2026-02-03 17:50:37 [main] INFO  c.t.api_gateway.config.RedisConfig - ? Configuring Reactive Redis Object Template with JSON serialization
2026-02-03 17:50:37 [main] INFO  c.t.api_gateway.config.RedisConfig - ? Reactive Redis Object Template configured successfully
2026-02-03 17:50:38 [main] INFO  o.s.b.a.s.r.ReactiveUserDetailsServiceAutoConfiguration - 

Using generated security password: 79449438-a488-4deb-a2d9-c68f72406d52

2026-02-03 17:50:38 [main] INFO  c.t.a.config.SecurityConfig - ? Configuring API Gateway Security with CORS and CSRF disabled
2026-02-03 17:50:38 [main] INFO  c.t.a.config.SecurityConfig - ? Configuring CORS for API Gateway
2026-02-03 17:50:38 [main] INFO  c.t.a.config.SecurityConfig - ? CORS configured: Origins = [http://localhost:3000, http://localhost:5173, http://localhost:4200, http://127.0.0.1:3000, http://127.0.0.1:5173, http://127.0.0.1:4200]
2026-02-03 17:50:38 [main] INFO  c.t.a.config.SecurityConfig - ? API Gateway Security configured - Authentication delegated to downstream services
2026-02-03 17:50:38 [main] WARN  o.s.c.g.c.GatewayClassPathWarningAutoConfiguration - 

**********************************************************

The artifact spring-cloud-gateway-server is deprecated. It will be removed in the next major release. Please add spring-cloud-gateway-server-webflux dependency.

**********************************************************


2026-02-03 17:50:39 [main] INFO  c.t.a.config.WebSocketProxyConfig - Configuring HttpClient for WebSocket proxy support
2026-02-03 17:50:39 [main] INFO  o.s.c.g.r.RouteDefinitionRouteLocator - Loaded RoutePredicateFactory [After]
2026-02-03 17:50:39 [main] INFO  o.s.c.g.r.RouteDefinitionRouteLocator - Loaded RoutePredicateFactory [Before]
2026-02-03 17:50:39 [main] INFO  o.s.c.g.r.RouteDefinitionRouteLocator - Loaded RoutePredicateFactory [Between]
2026-02-03 17:50:39 [main] INFO  o.s.c.g.r.RouteDefinitionRouteLocator - Loaded RoutePredicateFactory [Cookie]
2026-02-03 17:50:39 [main] INFO  o.s.c.g.r.RouteDefinitionRouteLocator - Loaded RoutePredicateFactory [Header]
2026-02-03 17:50:39 [main] INFO  o.s.c.g.r.RouteDefinitionRouteLocator - Loaded RoutePredicateFactory [Host]
2026-02-03 17:50:39 [main] INFO  o.s.c.g.r.RouteDefinitionRouteLocator - Loaded RoutePredicateFactory [Method]
2026-02-03 17:50:39 [main] INFO  o.s.c.g.r.RouteDefinitionRouteLocator - Loaded RoutePredicateFactory [Path]
2026-02-03 17:50:39 [main] INFO  o.s.c.g.r.RouteDefinitionRouteLocator - Loaded RoutePredicateFactory [Query]
2026-02-03 17:50:39 [main] INFO  o.s.c.g.r.RouteDefinitionRouteLocator - Loaded RoutePredicateFactory [ReadBody]
2026-02-03 17:50:39 [main] INFO  o.s.c.g.r.RouteDefinitionRouteLocator - Loaded RoutePredicateFactory [RemoteAddr]
2026-02-03 17:50:39 [main] INFO  o.s.c.g.r.RouteDefinitionRouteLocator - Loaded RoutePredicateFactory [XForwardedRemoteAddr]
2026-02-03 17:50:39 [main] INFO  o.s.c.g.r.RouteDefinitionRouteLocator - Loaded RoutePredicateFactory [Weight]
2026-02-03 17:50:39 [main] INFO  o.s.c.g.r.RouteDefinitionRouteLocator - Loaded RoutePredicateFactory [CloudFoundryRouteService]
2026-02-03 17:50:39 [main] INFO  o.s.b.a.e.web.EndpointLinksResolver - Exposing 7 endpoints beneath base path '/actuator'
2026-02-03 17:50:40 [main] INFO  o.s.c.n.e.c.DiscoveryClientOptionalArgsConfiguration - Eureka HTTP Client uses RestTemplate.
2026-02-03 17:50:40 [main] WARN  o.s.c.g.s.w.s.StarterDeprecatedAutoConfiguration - 

**********************************************************

spring-cloud-starter-gateway is deprecated. It will be removed in the next major release. Please use spring-cloud-starter-gateway-server-webflux instead.

**********************************************************


2026-02-03 17:50:40 [main] INFO  o.s.c.n.eureka.InstanceInfoFactory - Setting initial instance status as: STARTING
2026-02-03 17:50:40 [main] INFO  c.netflix.discovery.DiscoveryClient - Initializing Eureka in region us-east-1
2026-02-03 17:50:40 [main] INFO  c.n.d.s.r.aws.ConfigClusterResolver - Resolving eureka endpoints via configuration
2026-02-03 17:50:40 [main] INFO  c.netflix.discovery.DiscoveryClient - Disable delta property : false
2026-02-03 17:50:40 [main] INFO  c.netflix.discovery.DiscoveryClient - Single vip registry refresh property : null
2026-02-03 17:50:40 [main] INFO  c.netflix.discovery.DiscoveryClient - Force full registry fetch : false
2026-02-03 17:50:40 [main] INFO  c.netflix.discovery.DiscoveryClient - Application is null : false
2026-02-03 17:50:40 [main] INFO  c.netflix.discovery.DiscoveryClient - Registered Applications size is zero : true
2026-02-03 17:50:40 [main] INFO  c.netflix.discovery.DiscoveryClient - Application version is -1: true
2026-02-03 17:50:40 [main] INFO  c.netflix.discovery.DiscoveryClient - Getting all instance registry info from the eureka server
2026-02-03 17:50:41 [main] INFO  c.netflix.discovery.DiscoveryClient - The response status is 200
2026-02-03 17:50:41 [main] INFO  c.netflix.discovery.DiscoveryClient - Starting heartbeat executor: renew interval is: 5
2026-02-03 17:50:41 [main] INFO  c.n.discovery.InstanceInfoReplicator - InstanceInfoReplicator onDemand update allowed rate per min is 24
2026-02-03 17:50:41 [main] INFO  c.netflix.discovery.DiscoveryClient - Discovery Client initialized at timestamp 1770121241135 with initial instances count: 1
2026-02-03 17:50:41 [main] INFO  o.s.c.n.e.s.EurekaServiceRegistry - Registering application API-GATEWAY with eureka with status UP
2026-02-03 17:50:41 [main] INFO  c.netflix.discovery.DiscoveryClient - Saw local status change event StatusChangeEvent [timestamp=1770121241146, current=UP, previous=STARTING]
2026-02-03 17:50:41 [DiscoveryClient-InstanceInfoReplicator-%d] INFO  c.netflix.discovery.DiscoveryClient - DiscoveryClient_API-GATEWAY/api-gateway:8080: registering service...
2026-02-03 17:50:41 [DiscoveryClient-InstanceInfoReplicator-%d] INFO  c.netflix.discovery.DiscoveryClient - DiscoveryClient_API-GATEWAY/api-gateway:8080 - registration status: 204
2026-02-03 17:50:41 [main] INFO  o.s.b.w.e.netty.NettyWebServer - Netty started on port 8080 (http)
2026-02-03 17:50:41 [main] INFO  o.s.c.n.e.s.EurekaAutoServiceRegistration - Updating port to 8080
2026-02-03 17:50:41 [main] INFO  c.t.a.ApiGatewayApplication - Started ApiGatewayApplication in 8.874 seconds (process running for 9.582)
2026-02-03 17:50:41 [main] WARN  o.s.c.g.c.GatewayServerWebfluxPropertiesMigrationListener - 
The use of configuration keys that have been renamed was found in the environment:

Property source 'Config resource 'class path resource [application.yaml]' via location 'optional:classpath:/'':
	Key: spring.cloud.gateway.default-filters[0]
		Line: 19
		Replacement: spring.cloud.gateway.server.webflux.default-filters[0]
	Key: spring.cloud.gateway.default-filters[1].name
		Line: 20
		Replacement: spring.cloud.gateway.server.webflux.default-filters[1].name
	Key: spring.cloud.gateway.default-filters[1].args.retries
		Line: 22
		Replacement: spring.cloud.gateway.server.webflux.default-filters[1].args.retries
	Key: spring.cloud.gateway.default-filters[1].args.methods
		Line: 23
		Replacement: spring.cloud.gateway.server.webflux.default-filters[1].args.methods
	Key: spring.cloud.gateway.default-filters[1].args.backoff.firstbackoff
		Line: 25
		Replacement: spring.cloud.gateway.server.webflux.default-filters[1].args.backoff.firstbackoff
	Key: spring.cloud.gateway.default-filters[1].args.backoff.maxbackoff
		Line: 26
		Replacement: spring.cloud.gateway.server.webflux.default-filters[1].args.backoff.maxbackoff


Each configuration key has been temporarily mapped to its replacement for your convenience. To silence this warning, please update your configuration to use the new keys.

2026-02-03 17:50:41 [main] WARN  o.s.b.c.p.m.PropertiesMigrationListener - 
The use of configuration keys that have been renamed was found in the environment:

Property source 'Config resource 'class path resource [application.yaml]' via location 'optional:classpath:/'':
	Key: logging.file.max-history
		Line: 246
		Replacement: logging.logback.rollingpolicy.max-history
	Key: logging.file.max-size
		Line: 245
		Replacement: logging.logback.rollingpolicy.max-file-size
	Key: management.metrics.export.prometheus.enabled
		Line: 219
		Replacement: management.prometheus.metrics.export.enabled
	Key: spring.cloud.gateway.discovery.locator.enabled
		Line: 14
		Replacement: spring.cloud.gateway.server.webflux.discovery.locator.enabled
	Key: spring.cloud.gateway.discovery.locator.lower-case-service-id
		Line: 15
		Replacement: spring.cloud.gateway.server.webflux.discovery.locator.lower-case-service-id
	Key: spring.cloud.gateway.globalcors.add-to-simple-url-handler-mapping
		Line: 30
		Replacement: spring.cloud.gateway.server.webflux.globalcors.add-to-simple-url-handler-mapping
	Key: spring.cloud.gateway.globalcors.corsconfigurations[/**].allowedorigins[0]
		Line: 34
		Replacement: spring.cloud.gateway.server.webflux.globalcors.cors-configurations[/**].allowedorigins[0]
	Key: spring.cloud.gateway.globalcors.corsconfigurations[/**].allowedorigins[1]
		Line: 35
		Replacement: spring.cloud.gateway.server.webflux.globalcors.cors-configurations[/**].allowedorigins[1]
	Key: spring.cloud.gateway.globalcors.corsconfigurations[/**].allowedorigins[2]
		Line: 36
		Replacement: spring.cloud.gateway.server.webflux.globalcors.cors-configurations[/**].allowedorigins[2]
	Key: spring.cloud.gateway.globalcors.corsconfigurations[/**].allowedorigins[3]
		Line: 37
		Replacement: spring.cloud.gateway.server.webflux.globalcors.cors-configurations[/**].allowedorigins[3]
	Key: spring.cloud.gateway.globalcors.corsconfigurations[/**].allowedorigins[4]
		Line: 38
		Replacement: spring.cloud.gateway.server.webflux.globalcors.cors-configurations[/**].allowedorigins[4]
	Key: spring.cloud.gateway.globalcors.corsconfigurations[/**].allowedmethods[0]
		Line: 40
		Replacement: spring.cloud.gateway.server.webflux.globalcors.cors-configurations[/**].allowedmethods[0]
	Key: spring.cloud.gateway.globalcors.corsconfigurations[/**].allowedmethods[1]
		Line: 41
		Replacement: spring.cloud.gateway.server.webflux.globalcors.cors-configurations[/**].allowedmethods[1]
	Key: spring.cloud.gateway.globalcors.corsconfigurations[/**].allowedmethods[2]
		Line: 42
		Replacement: spring.cloud.gateway.server.webflux.globalcors.cors-configurations[/**].allowedmethods[2]
	Key: spring.cloud.gateway.globalcors.corsconfigurations[/**].allowedmethods[3]
		Line: 43
		Replacement: spring.cloud.gateway.server.webflux.globalcors.cors-configurations[/**].allowedmethods[3]
	Key: spring.cloud.gateway.globalcors.corsconfigurations[/**].allowedmethods[4]
		Line: 44
		Replacement: spring.cloud.gateway.server.webflux.globalcors.cors-configurations[/**].allowedmethods[4]
	Key: spring.cloud.gateway.globalcors.corsconfigurations[/**].allowedmethods[5]
		Line: 45
		Replacement: spring.cloud.gateway.server.webflux.globalcors.cors-configurations[/**].allowedmethods[5]
	Key: spring.cloud.gateway.globalcors.corsconfigurations[/**].allowedmethods[6]
		Line: 46
		Replacement: spring.cloud.gateway.server.webflux.globalcors.cors-configurations[/**].allowedmethods[6]
	Key: spring.cloud.gateway.globalcors.corsconfigurations[/**].allowedheaders
		Line: 47
		Replacement: spring.cloud.gateway.server.webflux.globalcors.cors-configurations[/**].allowedheaders
	Key: spring.cloud.gateway.globalcors.corsconfigurations[/**].allowcredentials
		Line: 48
		Replacement: spring.cloud.gateway.server.webflux.globalcors.cors-configurations[/**].allowcredentials
	Key: spring.cloud.gateway.globalcors.corsconfigurations[/**].maxage
		Line: 49
		Replacement: spring.cloud.gateway.server.webflux.globalcors.cors-configurations[/**].maxage
	Key: spring.cloud.gateway.httpclient.compression
		Line: 60
		Replacement: spring.cloud.gateway.server.webflux.httpclient.compression
	Key: spring.cloud.gateway.httpclient.connect-timeout
		Line: 53
		Replacement: spring.cloud.gateway.server.webflux.httpclient.connect-timeout
	Key: spring.cloud.gateway.httpclient.pool.max-connections
		Line: 58
		Replacement: spring.cloud.gateway.server.webflux.httpclient.pool.max-connections
	Key: spring.cloud.gateway.httpclient.pool.max-idle-time
		Line: 57
		Replacement: spring.cloud.gateway.server.webflux.httpclient.pool.max-idle-time
	Key: spring.cloud.gateway.httpclient.pool.type
		Line: 56
		Replacement: spring.cloud.gateway.server.webflux.httpclient.pool.type
	Key: spring.cloud.gateway.httpclient.response-timeout
		Line: 54
		Replacement: spring.cloud.gateway.server.webflux.httpclient.response-timeout
	Key: spring.cloud.gateway.httpclient.wiretap
		Line: 59
		Replacement: spring.cloud.gateway.server.webflux.httpclient.wiretap


Each configuration key has been temporarily mapped to its replacement for your convenience. To silence this warning, please update your configuration to use the new keys.

2026-02-03 17:50:41 [main] ERROR o.s.b.c.p.m.PropertiesMigrationListener - 
The use of configuration keys that are no longer supported was found in the environment:

Property source 'Config resource 'class path resource [application.yaml]' via location 'optional:classpath:/'':
	Key: management.endpoint.gateway.enabled
		Line: 215
		Reason: Replacement key 'management.endpoint.gateway.access' uses an incompatible target type


Please refer to the release notes or reference guide for potential alternatives.

2026-02-03 17:55:40 [AsyncResolver-bootstrap-executor-%d] INFO  c.n.d.s.r.aws.ConfigClusterResolver - Resolving eureka endpoints via configuration
2026-02-03 18:00:40 [AsyncResolver-bootstrap-executor-%d] INFO  c.n.d.s.r.aws.ConfigClusterResolver - Resolving eureka endpoints via configuration
2026-02-03 18:05:40 [AsyncResolver-bootstrap-executor-%d] INFO  c.n.d.s.r.aws.ConfigClusterResolver - Resolving eureka endpoints via configuration
2026-02-03 18:10:40 [AsyncResolver-bootstrap-executor-%d] INFO  c.n.d.s.r.aws.ConfigClusterResolver - Resolving eureka endpoints via configuration
2026-02-03 18:14:37 [parallel-1] DEBUG o.s.c.g.h.RoutePredicateHandlerMapping - Route matched: auth-service
2026-02-03 18:14:37 [parallel-1] DEBUG o.s.c.g.h.RoutePredicateHandlerMapping - Mapping [Exchange: POST http://localhost:8080/api/auth/login] to Route{id='auth-service', uri=lb://auth-user-service, order=0, predicate=Paths: [/api/auth/**], match trailing slash: true, gatewayFilters=[[org.springframework.cloud.gateway.filter.factory.RequestRateLimiterGatewayFilterFactory$$Lambda$989/0x000001c6495f0250@7d947065, order = 0], [[SpringCloudCircuitBreakerResilience4JFilterFactory name = 'auth-service-cb', fallback = forward:/fallback/auth], order = 0], [[Retry routeId = 'auth-service', retries = 2, series = list[SERVER_ERROR], statuses = list[[empty]], methods = list[GET], exceptions = list[IOException, TimeoutException], backoff = [RetryGatewayFilterFactory.BackoffConfig@1ae2ba6 firstBackoff = PT0.1S, maxBackoff = PT1S, factor = 2, basedOnPreviousValue = false], jitter = [null], timeout = [null]], order = 0]], metadata={}}
2026-02-03 18:14:37 [parallel-1] DEBUG o.s.c.g.h.RoutePredicateHandlerMapping - [15cda6c1-1] Mapped to org.springframework.cloud.gateway.handler.FilteringWebHandler@8ce4320
2026-02-03 18:14:37 [reactor-http-nio-3] DEBUG c.t.a.filter.AuthenticationFilter - ? API Gateway: POST /api/auth/login
2026-02-03 18:14:37 [reactor-http-nio-3] DEBUG c.t.a.filter.AuthenticationFilter - ? Public path: /api/auth/login
2026-02-03 18:14:37 [reactor-http-nio-3] DEBUG c.t.a.config.RateLimitConfig - Rate limiting by IP: 0:0:0:0:0:0:0:1
2026-02-03 18:14:37 [lettuce-nioEventLoop-5-1] INFO  c.t.a.config.LoadBalancerConfig - ? Configuring Round Robin Load Balancer for service: auth-user-service
2026-02-03 18:14:37 [lettuce-nioEventLoop-5-1] DEBUG c.t.a.config.LoadBalancerConfig - ? Random Load Balancer configured for service: auth-user-service
2026-02-03 18:14:37 [lettuce-nioEventLoop-5-1] INFO  c.t.api_gateway.filter.LoggingFilter - Request: POST /api/auth/login from /[0:0:0:0:0:0:0:1]:53186
2026-02-03 18:14:37 [reactor-http-nio-5] DEBUG c.t.a.config.WebSocketProxyConfig - WebSocket connection established, adding timeout handlers
2026-02-03 18:14:39 [reactor-http-nio-5] INFO  c.t.api_gateway.filter.LoggingFilter - Response: 200 OK for POST /api/auth/login
2026-02-03 18:14:39 [reactor-http-nio-5] DEBUG c.t.a.config.WebSocketProxyConfig - WebSocket connection disconnected
2026-02-03 18:15:40 [AsyncResolver-bootstrap-executor-%d] INFO  c.n.d.s.r.aws.ConfigClusterResolver - Resolving eureka endpoints via configuration
2026-02-03 18:20:40 [AsyncResolver-bootstrap-executor-%d] INFO  c.n.d.s.r.aws.ConfigClusterResolver - Resolving eureka endpoints via configuration
2026-02-03 18:25:40 [AsyncResolver-bootstrap-executor-%d] INFO  c.n.d.s.r.aws.ConfigClusterResolver - Resolving eureka endpoints via configuration
2026-02-03 18:30:40 [AsyncResolver-bootstrap-executor-%d] INFO  c.n.d.s.r.aws.ConfigClusterResolver - Resolving eureka endpoints via configuration
2026-02-03 18:31:04 [DiscoveryClient-HeartbeatExecutor-%d] INFO  c.netflix.discovery.DiscoveryClient - DiscoveryClient_API-GATEWAY/api-gateway:8080 - Re-registering apps/API-GATEWAY
2026-02-03 18:31:04 [DiscoveryClient-HeartbeatExecutor-%d] INFO  c.netflix.discovery.DiscoveryClient - DiscoveryClient_API-GATEWAY/api-gateway:8080: registering service...
2026-02-03 18:31:04 [DiscoveryClient-HeartbeatExecutor-%d] INFO  c.netflix.discovery.DiscoveryClient - DiscoveryClient_API-GATEWAY/api-gateway:8080 - registration status: 204
2026-02-03 18:31:44 [parallel-6] DEBUG o.s.c.g.h.RoutePredicateHandlerMapping - Route matched: auth-service
2026-02-03 18:31:44 [parallel-6] DEBUG o.s.c.g.h.RoutePredicateHandlerMapping - Mapping [Exchange: POST http://localhost:8080/api/auth/login] to Route{id='auth-service', uri=lb://auth-user-service, order=0, predicate=Paths: [/api/auth/**], match trailing slash: true, gatewayFilters=[[org.springframework.cloud.gateway.filter.factory.RequestRateLimiterGatewayFilterFactory$$Lambda$989/0x000001c6495f0250@7d947065, order = 0], [[SpringCloudCircuitBreakerResilience4JFilterFactory name = 'auth-service-cb', fallback = forward:/fallback/auth], order = 0], [[Retry routeId = 'auth-service', retries = 2, series = list[SERVER_ERROR], statuses = list[[empty]], methods = list[GET], exceptions = list[IOException, TimeoutException], backoff = [RetryGatewayFilterFactory.BackoffConfig@1ae2ba6 firstBackoff = PT0.1S, maxBackoff = PT1S, factor = 2, basedOnPreviousValue = false], jitter = [null], timeout = [null]], order = 0]], metadata={}}
2026-02-03 18:31:44 [parallel-6] DEBUG o.s.c.g.h.RoutePredicateHandlerMapping - [bb412475-2] Mapped to org.springframework.cloud.gateway.handler.FilteringWebHandler@8ce4320
2026-02-03 18:31:44 [reactor-http-nio-7] DEBUG c.t.a.filter.AuthenticationFilter - ? API Gateway: POST /api/auth/login
2026-02-03 18:31:44 [reactor-http-nio-7] DEBUG c.t.a.filter.AuthenticationFilter - ? Public path: /api/auth/login
2026-02-03 18:31:44 [reactor-http-nio-7] DEBUG c.t.a.config.RateLimitConfig - Rate limiting by IP: 0:0:0:0:0:0:0:1
2026-02-03 18:31:44 [lettuce-nioEventLoop-5-1] INFO  c.t.api_gateway.filter.LoggingFilter - Request: POST /api/auth/login from /[0:0:0:0:0:0:0:1]:62832
2026-02-03 18:31:44 [reactor-http-nio-8] DEBUG c.t.a.config.WebSocketProxyConfig - WebSocket connection established, adding timeout handlers
2026-02-03 18:31:45 [reactor-http-nio-8] INFO  c.t.api_gateway.filter.LoggingFilter - Response: 200 OK for POST /api/auth/login
2026-02-03 18:31:45 [reactor-http-nio-8] DEBUG c.t.a.config.WebSocketProxyConfig - WebSocket connection disconnected
2026-02-03 18:35:40 [AsyncResolver-bootstrap-executor-%d] INFO  c.n.d.s.r.aws.ConfigClusterResolver - Resolving eureka endpoints via configuration
2026-02-03 18:40:40 [AsyncResolver-bootstrap-executor-%d] INFO  c.n.d.s.r.aws.ConfigClusterResolver - Resolving eureka endpoints via configuration
2026-02-03 18:45:40 [AsyncResolver-bootstrap-executor-%d] INFO  c.n.d.s.r.aws.ConfigClusterResolver - Resolving eureka endpoints via configuration
